
> codeverix-backend@1.0.0 test
> jest

PASS src/submissions/dto/universal-prompt.dto.spec.ts (5.489 s)
PASS src/projects/projects.service.spec.ts (5.971 s)
(node:18024) [DEP0169] DeprecationWarning: `url.parse()` behavior is not standardized and prone to errors that have security implications. Use the WHATWG URL API instead. CVEs are not issued for `url.parse()` vulnerabilities.
(Use `node --trace-deprecation ...` to show where the warning was created)
[31m[Nest] 20420  - [39m22/08/2026, 6:23:45 pm [31m  ERROR[39m [38;5;3m[GeminiProvider] [39m[31mFailed to parse PromptResult: Unexpected token 'N', "Not a JSON" is not valid JSON
Raw JSON: Not a JSON[39m
PASS src/ai/gemini.provider.spec.ts (6.053 s)
PASS src/analyzer/analyzer.service.spec.ts (6.103 s)
PASS src/auth/auth.service.spec.ts (6.317 s)
FAIL src/submissions/submissions.controller.spec.ts
  ● Test suite failed to run

    [96msrc/submissions/submissions.controller.spec.ts[0m:[93m2[0m:[93m39[0m - [91merror[0m[90m TS2307: [0mCannot find module '../submissions.controller' or its corresponding type declarations.

    [7m2[0m import { SubmissionsController } from '../submissions.controller';
    [7m [0m [91m                                      ~~~~~~~~~~~~~~~~~~~~~~~~~~~[0m
    [96msrc/submissions/submissions.controller.spec.ts[0m:[93m3[0m:[93m36[0m - [91merror[0m[90m TS2307: [0mCannot find module '../submissions.service' or its corresponding type declarations.

    [7m3[0m import { SubmissionsService } from '../submissions.service';
    [7m [0m [91m                                   ~~~~~~~~~~~~~~~~~~~~~~~~[0m
    [96msrc/submissions/submissions.controller.spec.ts[0m:[93m4[0m:[93m36[0m - [91merror[0m[90m TS2307: [0mCannot find module './universal-prompt.dto' or its corresponding type declarations.

    [7m4[0m import { UniversalPromptDto } from './universal-prompt.dto';
    [7m [0m [91m                                   ~~~~~~~~~~~~~~~~~~~~~~~~[0m
    [96msrc/submissions/submissions.controller.spec.ts[0m:[93m6[0m:[93m30[0m - [91merror[0m[90m TS2307: [0mCannot find module '../../common/guards/jwt-auth.guard' or its corresponding type declarations.

    [7m6[0m import { JwtAuthGuard } from '../../common/guards/jwt-auth.guard';
    [7m [0m [91m                             ~~~~~~~~~~~~~~~~~~~~~~~~~~~~~~~~~~~~[0m

Test Suites: 1 failed, 5 passed, 6 total
Tests:       24 passed, 24 total
Snapshots:   0 total
Time:        7.908 s, estimated 13 s
Ran all test suites.
